******************************************************************************
                  TI ARM Linker Unix v20.2.7                   
******************************************************************************
>> Linked Wed Apr 26 18:05:04 2023

OUTPUT FILE NAME:   <Emb2_lab_I2C.out>
ENTRY POINT SYMBOL: "_c_int00_noargs"  address: 000021d5


MEMORY CONFIGURATION

         name            origin    length      used     unused   attr    fill
----------------------  --------  ---------  --------  --------  ----  --------
  FLASH                 00001000   0003f000  00001286  0003dd7a  R  X
  SRAM                  20000000   00008000  00000212  00007dee  RW X


SEGMENT ALLOCATION MAP

run origin  load origin   length   init length attrs members
----------  ----------- ---------- ----------- ----- -------
00001000    00001000    00001288   00001288    r-x
  00001000    00001000    0000026c   0000026c    r-- .intvecs
  0000126c    0000126c    00000ff2   00000ff2    r-x .text
  00002260    00002260    00000028   00000028    r-- .cinit
20000000    20000000    00000212   00000000    rw-
  20000000    20000000    00000200   00000000    rw- .stack
  20000200    20000200    00000012   00000000    rw- .data


SECTION ALLOCATION MAP

 output                                  attributes/
section   page    origin      length       input sections
--------  ----  ----------  ----------   ----------------
.intvecs   0    00001000    0000026c     
                  00001000    0000026c     tm4c123gh6pm_startup_ccs.obj (.intvecs)

.text      0    0000126c    00000ff2     
                  0000126c    00000808     gpio.obj (.text)
                  00001a74    000003c4     i2c0.obj (.text)
                  00001e38    00000180     stop_go_gpio_I2C.obj (.text)
                  00001fb8    000000d4     nvic.obj (.text)
                  0000208c    0000009c     rtsv7M4_T_le_v4SPD16_eabi.lib : memcpy_t2.asm.obj (.text)
                  00002128    00000068                                   : copy_decompress_lzss.c.obj (.text:decompress:lzss:__TI_decompress_lzss)
                  00002190    00000044                                   : autoinit.c.obj (.text:__TI_auto_init_nobinit_nopinit:__TI_auto_init_nobinit_nopinit)
                  000021d4    00000034                                   : boot_cortex_m.c.obj (.text:_c_int00_noargs:_c_int00_noargs)
                  00002208    00000024     wait.obj (.text)
                  0000222c    00000010     clock.obj (.text)
                  0000223c    0000000e     rtsv7M4_T_le_v4SPD16_eabi.lib : copy_decompress_none.c.obj (.text:decompress:none:__TI_decompress_none)
                  0000224a    0000000c     tm4c123gh6pm_startup_ccs.obj (.text)
                  00002256    00000004     rtsv7M4_T_le_v4SPD16_eabi.lib : pre_init.c.obj (.text:_system_pre_init)
                  0000225a    00000004                                   : exit.c.obj (.text:abort:abort)

.cinit     0    00002260    00000028     
                  00002260    00000018     (.cinit..data.load) [load image, compression = lzss]
                  00002278    00000008     (__TI_handler_table)
                  00002280    00000008     (__TI_cinit_table)

.init_array 
*          0    00001000    00000000     UNINITIALIZED

.data      0    20000200    00000012     UNINITIALIZED
                  20000200    00000012     stop_go_gpio_I2C.obj (.data:mcp2308Configuration)

.stack     0    20000000    00000200     UNINITIALIZED
                  20000000    00000004     rtsv7M4_T_le_v4SPD16_eabi.lib : boot_cortex_m.c.obj (.stack)
                  20000004    000001fc     --HOLE--

__llvm_prf_cnts 
*          0    20000000    00000000     UNINITIALIZED

MODULE SUMMARY

       Module                         code   ro data   rw data
       ------                         ----   -------   -------
    ./
       gpio.obj                       2056   0         0      
       i2c0.obj                       964    0         0      
       tm4c123gh6pm_startup_ccs.obj   12     620       0      
       stop_go_gpio_I2C.obj           384    0         18     
       nvic.obj                       212    0         0      
       wait.obj                       36     0         0      
       clock.obj                      16     0         0      
    +--+------------------------------+------+---------+---------+
       Total:                         3680   620       18     
                                                              
    /home/sadhan/ti/ccs1210/ccs/tools/compiler/ti-cgt-arm_20.2.7.LTS/lib/rtsv7M4_T_le_v4SPD16_eabi.lib
       memcpy_t2.asm.obj              156    0         0      
       copy_decompress_lzss.c.obj     104    0         0      
       autoinit.c.obj                 68     0         0      
       boot_cortex_m.c.obj            52     0         0      
       copy_decompress_none.c.obj     14     0         0      
       exit.c.obj                     4      0         0      
       pre_init.c.obj                 4      0         0      
    +--+------------------------------+------+---------+---------+
       Total:                         402    0         0      
                                                              
       Stack:                         0      0         512    
       Linker Generated:              0      40        0      
    +--+------------------------------+------+---------+---------+
       Grand Total:                   4082   660       530    


LINKER GENERATED COPY TABLES

__TI_cinit_table @ 00002280 records: 1, size/record: 8, table size: 8
	.data: load addr=00002260, load size=00000018 bytes, run addr=20000200, run size=00000012 bytes, compression=lzss


LINKER GENERATED HANDLER TABLE

__TI_handler_table @ 00002278 records: 2, size/record: 4, table size: 8
	index: 0, handler: __TI_decompress_lzss
	index: 1, handler: __TI_decompress_none


GLOBAL SYMBOLS: SORTED ALPHABETICALLY BY Name 

address   name                          
-------   ----                          
0000225b  C$$EXIT                       
0000224b  ResetISR                      
20000200  __STACK_END                   
00000200  __STACK_SIZE                  
20000200  __STACK_TOP                   
00002280  __TI_CINIT_Base               
00002288  __TI_CINIT_Limit              
00002278  __TI_Handler_Table_Base       
00002280  __TI_Handler_Table_Limit      
00002191  __TI_auto_init_nobinit_nopinit
00002129  __TI_decompress_lzss          
0000223d  __TI_decompress_none          
ffffffff  __TI_pprof_out_hndl           
ffffffff  __TI_prof_data_size           
ffffffff  __TI_prof_data_start          
00002260  __TI_static_base__            
0000208d  __aeabi_memcpy                
0000208d  __aeabi_memcpy4               
0000208d  __aeabi_memcpy8               
ffffffff  __binit__                     
ffffffff  __c_args__                    
UNDEFED   __mpu_init                    
20000000  __stack                       
20000000  __start___llvm_prf_cnts       
20000000  __stop___llvm_prf_cnts        
000021d5  _c_int00_noargs               
UNDEFED   _system_post_cinit            
00002257  _system_pre_init              
0000225b  abort                         
ffffffff  binit                         
000018c1  clearPinInterrupt             
00001f19  configI2c0Mcp2308             
00001ff1  disableNvicInterrupt          
0000189d  disablePinInterrupt           
000015d5  disablePinPulldown            
0000158d  disablePinPullup              
00001329  disablePort                   
00001fb9  enableNvicInterrupt           
00001879  enablePinInterrupt            
000015b1  enablePinPulldown             
0000155f  enablePinPullup               
0000126d  enablePort                    
00001000  g_pfnVectors                  
0000192f  getPinValue                   
000019e5  getPortValue                  
00001e59  initHw                        
00001a75  initI2c0                      
0000222d  initSystemClockTo40Mhz        
00001e0d  isI2c0Error                   
00001e95  main                          
00001f7f  mcpGpioPortBIntHandler        
0000208d  memcpy                        
00001dbf  pollI2c0Address               
00001b05  readI2c0Data                  
00001c49  readI2c0Register              
00001ca7  readI2c0Registers             
00001493  selectPinAnalogInput          
00001445  selectPinDigitalInput         
000017af  selectPinInterruptBothEdges   
0000175f  selectPinInterruptFallingEdge 
00001805  selectPinInterruptHighLevel   
0000183f  selectPinInterruptLowLevel    
0000170f  selectPinInterruptRisingEdge  
000013f7  selectPinOpenDrainOutput      
000013a9  selectPinPushPullOutput       
00002029  setNvicInterruptPriority      
000015fd  setPinAuxFunction             
000014e3  setPinCommitControl           
000018e5  setPinValue                   
0000196d  setPortValue                  
0000190b  togglePinValue                
00002209  waitMicrosecond               
00001e39  waitPbPress                   
00001acf  writeI2c0Data                 
00001f25  writeI2c0RegData              
00001b39  writeI2c0Register             
00001b8f  writeI2c0Registers            


GLOBAL SYMBOLS: SORTED BY Symbol Address 

address   name                          
-------   ----                          
00000200  __STACK_SIZE                  
00001000  g_pfnVectors                  
0000126d  enablePort                    
00001329  disablePort                   
000013a9  selectPinPushPullOutput       
000013f7  selectPinOpenDrainOutput      
00001445  selectPinDigitalInput         
00001493  selectPinAnalogInput          
000014e3  setPinCommitControl           
0000155f  enablePinPullup               
0000158d  disablePinPullup              
000015b1  enablePinPulldown             
000015d5  disablePinPulldown            
000015fd  setPinAuxFunction             
0000170f  selectPinInterruptRisingEdge  
0000175f  selectPinInterruptFallingEdge 
000017af  selectPinInterruptBothEdges   
00001805  selectPinInterruptHighLevel   
0000183f  selectPinInterruptLowLevel    
00001879  enablePinInterrupt            
0000189d  disablePinInterrupt           
000018c1  clearPinInterrupt             
000018e5  setPinValue                   
0000190b  togglePinValue                
0000192f  getPinValue                   
0000196d  setPortValue                  
000019e5  getPortValue                  
00001a75  initI2c0                      
00001acf  writeI2c0Data                 
00001b05  readI2c0Data                  
00001b39  writeI2c0Register             
00001b8f  writeI2c0Registers            
00001c49  readI2c0Register              
00001ca7  readI2c0Registers             
00001dbf  pollI2c0Address               
00001e0d  isI2c0Error                   
00001e39  waitPbPress                   
00001e59  initHw                        
00001e95  main                          
00001f19  configI2c0Mcp2308             
00001f25  writeI2c0RegData              
00001f7f  mcpGpioPortBIntHandler        
00001fb9  enableNvicInterrupt           
00001ff1  disableNvicInterrupt          
00002029  setNvicInterruptPriority      
0000208d  __aeabi_memcpy                
0000208d  __aeabi_memcpy4               
0000208d  __aeabi_memcpy8               
0000208d  memcpy                        
00002129  __TI_decompress_lzss          
00002191  __TI_auto_init_nobinit_nopinit
000021d5  _c_int00_noargs               
00002209  waitMicrosecond               
0000222d  initSystemClockTo40Mhz        
0000223d  __TI_decompress_none          
0000224b  ResetISR                      
00002257  _system_pre_init              
0000225b  C$$EXIT                       
0000225b  abort                         
00002260  __TI_static_base__            
00002278  __TI_Handler_Table_Base       
00002280  __TI_CINIT_Base               
00002280  __TI_Handler_Table_Limit      
00002288  __TI_CINIT_Limit              
20000000  __stack                       
20000000  __start___llvm_prf_cnts       
20000000  __stop___llvm_prf_cnts        
20000200  __STACK_END                   
20000200  __STACK_TOP                   
ffffffff  __TI_pprof_out_hndl           
ffffffff  __TI_prof_data_size           
ffffffff  __TI_prof_data_start          
ffffffff  __binit__                     
ffffffff  __c_args__                    
ffffffff  binit                         
UNDEFED   __mpu_init                    
UNDEFED   _system_post_cinit            

[77 symbols]
