******************************************************************************
                  TI ARM Linker Unix v20.2.7                   
******************************************************************************
>> Linked Wed Feb  8 20:27:15 2023

OUTPUT FILE NAME:   <Emb2_lab_I2C.out>
ENTRY POINT SYMBOL: "_c_int00_noargs"  address: 000011cd


MEMORY CONFIGURATION

         name            origin    length      used     unused   attr    fill
----------------------  --------  ---------  --------  --------  ----  --------
  FLASH                 00000000   00040000  0000127e  0003ed82  R  X
  SRAM                  20000000   00008000  00000212  00007dee  RW X


SEGMENT ALLOCATION MAP

run origin  load origin   length   init length attrs members
----------  ----------- ---------- ----------- ----- -------
00000000    00000000    00001280   00001280    r-x
  00000000    00000000    0000026c   0000026c    r-- .intvecs
  0000026c    0000026c    00000fea   00000fea    r-x .text
  00001258    00001258    00000028   00000028    r-- .cinit
20000000    20000000    00000212   00000000    rw-
  20000000    20000000    00000200   00000000    rw- .stack
  20000200    20000200    00000012   00000000    rw- .data


SECTION ALLOCATION MAP

 output                                  attributes/
section   page    origin      length       input sections
--------  ----  ----------  ----------   ----------------
.intvecs   0    00000000    0000026c     
                  00000000    0000026c     tm4c123gh6pm_startup_ccs.obj (.intvecs)

.text      0    0000026c    00000fea     
                  0000026c    00000808     gpio.obj (.text)
                  00000a74    000003c4     i2c0.obj (.text)
                  00000e38    00000178     stop_go_gpio_I2C.obj (.text)
                  00000fb0    000000d4     nvic.obj (.text)
                  00001084    0000009c     rtsv7M4_T_le_v4SPD16_eabi.lib : memcpy_t2.asm.obj (.text)
                  00001120    00000068                                   : copy_decompress_lzss.c.obj (.text:decompress:lzss:__TI_decompress_lzss)
                  00001188    00000044                                   : autoinit.c.obj (.text:__TI_auto_init_nobinit_nopinit:__TI_auto_init_nobinit_nopinit)
                  000011cc    00000034                                   : boot_cortex_m.c.obj (.text:_c_int00_noargs:_c_int00_noargs)
                  00001200    00000024     wait.obj (.text)
                  00001224    00000010     clock.obj (.text)
                  00001234    0000000e     rtsv7M4_T_le_v4SPD16_eabi.lib : copy_decompress_none.c.obj (.text:decompress:none:__TI_decompress_none)
                  00001242    0000000c     tm4c123gh6pm_startup_ccs.obj (.text)
                  0000124e    00000004     rtsv7M4_T_le_v4SPD16_eabi.lib : pre_init.c.obj (.text:_system_pre_init)
                  00001252    00000004                                   : exit.c.obj (.text:abort:abort)

.cinit     0    00001258    00000028     
                  00001258    00000018     (.cinit..data.load) [load image, compression = lzss]
                  00001270    00000008     (__TI_handler_table)
                  00001278    00000008     (__TI_cinit_table)

.init_array 
*          0    00000000    00000000     UNINITIALIZED

.data      0    20000200    00000012     UNINITIALIZED
                  20000200    00000012     stop_go_gpio_I2C.obj (.data:mcp2308Configuration)

.stack     0    20000000    00000200     UNINITIALIZED
                  20000000    00000004     rtsv7M4_T_le_v4SPD16_eabi.lib : boot_cortex_m.c.obj (.stack)
                  20000004    000001fc     --HOLE--

__llvm_prf_cnts 
*          0    20000000    00000000     UNINITIALIZED

MODULE SUMMARY

       Module                         code   ro data   rw data
       ------                         ----   -------   -------
    ./
       gpio.obj                       2056   0         0      
       i2c0.obj                       964    0         0      
       tm4c123gh6pm_startup_ccs.obj   12     620       0      
       stop_go_gpio_I2C.obj           376    0         18     
       nvic.obj                       212    0         0      
       wait.obj                       36     0         0      
       clock.obj                      16     0         0      
    +--+------------------------------+------+---------+---------+
       Total:                         3672   620       18     
                                                              
    /home/sadhan/ti/ccs1210/ccs/tools/compiler/ti-cgt-arm_20.2.7.LTS/lib/rtsv7M4_T_le_v4SPD16_eabi.lib
       memcpy_t2.asm.obj              156    0         0      
       copy_decompress_lzss.c.obj     104    0         0      
       autoinit.c.obj                 68     0         0      
       boot_cortex_m.c.obj            52     0         0      
       copy_decompress_none.c.obj     14     0         0      
       exit.c.obj                     4      0         0      
       pre_init.c.obj                 4      0         0      
    +--+------------------------------+------+---------+---------+
       Total:                         402    0         0      
                                                              
       Stack:                         0      0         512    
       Linker Generated:              0      40        0      
    +--+------------------------------+------+---------+---------+
       Grand Total:                   4074   660       530    


LINKER GENERATED COPY TABLES

__TI_cinit_table @ 00001278 records: 1, size/record: 8, table size: 8
	.data: load addr=00001258, load size=00000018 bytes, run addr=20000200, run size=00000012 bytes, compression=lzss


LINKER GENERATED HANDLER TABLE

__TI_handler_table @ 00001270 records: 2, size/record: 4, table size: 8
	index: 0, handler: __TI_decompress_lzss
	index: 1, handler: __TI_decompress_none


GLOBAL SYMBOLS: SORTED ALPHABETICALLY BY Name 

address   name                          
-------   ----                          
00001253  C$$EXIT                       
00001243  ResetISR                      
20000200  __STACK_END                   
00000200  __STACK_SIZE                  
20000200  __STACK_TOP                   
00001278  __TI_CINIT_Base               
00001280  __TI_CINIT_Limit              
00001270  __TI_Handler_Table_Base       
00001278  __TI_Handler_Table_Limit      
00001189  __TI_auto_init_nobinit_nopinit
00001121  __TI_decompress_lzss          
00001235  __TI_decompress_none          
ffffffff  __TI_pprof_out_hndl           
ffffffff  __TI_prof_data_size           
ffffffff  __TI_prof_data_start          
00000000  __TI_static_base__            
00001085  __aeabi_memcpy                
00001085  __aeabi_memcpy4               
00001085  __aeabi_memcpy8               
ffffffff  __binit__                     
ffffffff  __c_args__                    
UNDEFED   __mpu_init                    
20000000  __stack                       
20000000  __start___llvm_prf_cnts       
20000000  __stop___llvm_prf_cnts        
000011cd  _c_int00_noargs               
UNDEFED   _system_post_cinit            
0000124f  _system_pre_init              
00001253  abort                         
ffffffff  binit                         
000008c1  clearPinInterrupt             
00000f0f  configI2c0Mcp2308             
00000fe9  disableNvicInterrupt          
0000089d  disablePinInterrupt           
000005d5  disablePinPulldown            
0000058d  disablePinPullup              
00000329  disablePort                   
00000fb1  enableNvicInterrupt           
00000879  enablePinInterrupt            
000005b1  enablePinPulldown             
0000055f  enablePinPullup               
0000026d  enablePort                    
00000000  g_pfnVectors                  
0000092f  getPinValue                   
000009e5  getPortValue                  
00000e59  initHw                        
00000a75  initI2c0                      
00001225  initSystemClockTo40Mhz        
00000e0d  isI2c0Error                   
00000e95  main                          
00000f75  mcpGpioPortBIntHandler        
00001085  memcpy                        
00000dbf  pollI2c0Address               
00000b05  readI2c0Data                  
00000c49  readI2c0Register              
00000ca7  readI2c0Registers             
00000493  selectPinAnalogInput          
00000445  selectPinDigitalInput         
000007af  selectPinInterruptBothEdges   
0000075f  selectPinInterruptFallingEdge 
00000805  selectPinInterruptHighLevel   
0000083f  selectPinInterruptLowLevel    
0000070f  selectPinInterruptRisingEdge  
000003f7  selectPinOpenDrainOutput      
000003a9  selectPinPushPullOutput       
00001021  setNvicInterruptPriority      
000005fd  setPinAuxFunction             
000004e3  setPinCommitControl           
000008e5  setPinValue                   
0000096d  setPortValue                  
0000090b  togglePinValue                
00001201  waitMicrosecond               
00000e39  waitPbPress                   
00000acf  writeI2c0Data                 
00000f1b  writeI2c0RegData              
00000b39  writeI2c0Register             
00000b8f  writeI2c0Registers            


GLOBAL SYMBOLS: SORTED BY Symbol Address 

address   name                          
-------   ----                          
00000000  __TI_static_base__            
00000000  g_pfnVectors                  
00000200  __STACK_SIZE                  
0000026d  enablePort                    
00000329  disablePort                   
000003a9  selectPinPushPullOutput       
000003f7  selectPinOpenDrainOutput      
00000445  selectPinDigitalInput         
00000493  selectPinAnalogInput          
000004e3  setPinCommitControl           
0000055f  enablePinPullup               
0000058d  disablePinPullup              
000005b1  enablePinPulldown             
000005d5  disablePinPulldown            
000005fd  setPinAuxFunction             
0000070f  selectPinInterruptRisingEdge  
0000075f  selectPinInterruptFallingEdge 
000007af  selectPinInterruptBothEdges   
00000805  selectPinInterruptHighLevel   
0000083f  selectPinInterruptLowLevel    
00000879  enablePinInterrupt            
0000089d  disablePinInterrupt           
000008c1  clearPinInterrupt             
000008e5  setPinValue                   
0000090b  togglePinValue                
0000092f  getPinValue                   
0000096d  setPortValue                  
000009e5  getPortValue                  
00000a75  initI2c0                      
00000acf  writeI2c0Data                 
00000b05  readI2c0Data                  
00000b39  writeI2c0Register             
00000b8f  writeI2c0Registers            
00000c49  readI2c0Register              
00000ca7  readI2c0Registers             
00000dbf  pollI2c0Address               
00000e0d  isI2c0Error                   
00000e39  waitPbPress                   
00000e59  initHw                        
00000e95  main                          
00000f0f  configI2c0Mcp2308             
00000f1b  writeI2c0RegData              
00000f75  mcpGpioPortBIntHandler        
00000fb1  enableNvicInterrupt           
00000fe9  disableNvicInterrupt          
00001021  setNvicInterruptPriority      
00001085  __aeabi_memcpy                
00001085  __aeabi_memcpy4               
00001085  __aeabi_memcpy8               
00001085  memcpy                        
00001121  __TI_decompress_lzss          
00001189  __TI_auto_init_nobinit_nopinit
000011cd  _c_int00_noargs               
00001201  waitMicrosecond               
00001225  initSystemClockTo40Mhz        
00001235  __TI_decompress_none          
00001243  ResetISR                      
0000124f  _system_pre_init              
00001253  C$$EXIT                       
00001253  abort                         
00001270  __TI_Handler_Table_Base       
00001278  __TI_CINIT_Base               
00001278  __TI_Handler_Table_Limit      
00001280  __TI_CINIT_Limit              
20000000  __stack                       
20000000  __start___llvm_prf_cnts       
20000000  __stop___llvm_prf_cnts        
20000200  __STACK_END                   
20000200  __STACK_TOP                   
ffffffff  __TI_pprof_out_hndl           
ffffffff  __TI_prof_data_size           
ffffffff  __TI_prof_data_start          
ffffffff  __binit__                     
ffffffff  __c_args__                    
ffffffff  binit                         
UNDEFED   __mpu_init                    
UNDEFED   _system_post_cinit            

[77 symbols]
