******************************************************************************
                  TI ARM Linker Unix v20.2.7                   
******************************************************************************
>> Linked Wed Feb  8 20:25:06 2023

OUTPUT FILE NAME:   <Emb2_lab_I2C.out>
ENTRY POINT SYMBOL: "_c_int00_noargs"  address: 00001671


MEMORY CONFIGURATION

         name            origin    length      used     unused   attr    fill
----------------------  --------  ---------  --------  --------  ----  --------
  FLASH                 00000000   00040000  00001736  0003e8ca  R  X
  SRAM                  20000000   00008000  00000212  00007dee  RW X


SEGMENT ALLOCATION MAP

run origin  load origin   length   init length attrs members
----------  ----------- ---------- ----------- ----- -------
00000000    00000000    00001740   00001740    r-x
  00000000    00000000    0000026c   0000026c    r-- .intvecs
  00000270    00000270    000014a2   000014a2    r-x .text
  00001718    00001718    00000028   00000028    r-- .cinit
20000000    20000000    00000212   00000000    rw-
  20000000    20000000    00000200   00000000    rw- .stack
  20000200    20000200    00000012   00000000    rw- .data


SECTION ALLOCATION MAP

 output                                  attributes/
section   page    origin      length       input sections
--------  ----  ----------  ----------   ----------------
.intvecs   0    00000000    0000026c     
                  00000000    0000026c     tm4c123gh6pm_startup_ccs.obj (.intvecs)

.text      0    00000270    000014a2     
                  00000270    000009d4     gpio.obj (.text)
                  00000c44    00000004     rtsv7M4_T_le_v4SPD16_eabi.lib : pre_init.c.obj (.text:_system_pre_init)
                  00000c48    0000061a     i2c0.obj (.text)
                  00001262    00000004     rtsv7M4_T_le_v4SPD16_eabi.lib : exit.c.obj (.text:abort:abort)
                  00001266    00000002     --HOLE-- [fill = 0]
                  00001268    000001dc     stop_go_gpio_I2C.obj (.text)
                  00001444    00000004     --HOLE-- [fill = 0]
                  00001448    000000de     nvic.obj (.text)
                  00001526    0000009c     rtsv7M4_T_le_v4SPD16_eabi.lib : memcpy_t2.asm.obj (.text)
                  000015c2    00000068                                   : copy_decompress_lzss.c.obj (.text:decompress:lzss:__TI_decompress_lzss)
                  0000162a    00000002     --HOLE-- [fill = 0]
                  0000162c    00000044                                   : autoinit.c.obj (.text:__TI_auto_init_nobinit_nopinit:__TI_auto_init_nobinit_nopinit)
                  00001670    00000034                                   : boot_cortex_m.c.obj (.text:_c_int00_noargs:_c_int00_noargs)
                  000016a4    00000004     --HOLE-- [fill = 0]
                  000016a8    00000024     wait.obj (.text)
                  000016cc    00000004     --HOLE-- [fill = 0]
                  000016d0    0000001a     tm4c123gh6pm_startup_ccs.obj (.text)
                  000016ea    00000006     --HOLE-- [fill = 0]
                  000016f0    00000014     clock.obj (.text)
                  00001704    0000000e     rtsv7M4_T_le_v4SPD16_eabi.lib : copy_decompress_none.c.obj (.text:decompress:none:__TI_decompress_none)

.cinit     0    00001718    00000028     
                  00001718    00000018     (.cinit..data.load) [load image, compression = lzss]
                  00001730    00000008     (__TI_handler_table)
                  00001738    00000008     (__TI_cinit_table)

.init_array 
*          0    00000000    00000000     UNINITIALIZED

.data      0    20000200    00000012     UNINITIALIZED
                  20000200    00000012     stop_go_gpio_I2C.obj (.data:mcp2308Configuration)

.stack     0    20000000    00000200     UNINITIALIZED
                  20000000    00000004     rtsv7M4_T_le_v4SPD16_eabi.lib : boot_cortex_m.c.obj (.stack)
                  20000004    000001fc     --HOLE--

__llvm_prf_cnts 
*          0    20000000    00000000     UNINITIALIZED

MODULE SUMMARY

       Module                         code   ro data   rw data
       ------                         ----   -------   -------
    ./
       gpio.obj                       2516   0         0      
       i2c0.obj                       1562   0         0      
       tm4c123gh6pm_startup_ccs.obj   26     620       0      
       stop_go_gpio_I2C.obj           476    0         18     
       nvic.obj                       222    0         0      
       wait.obj                       36     0         0      
       clock.obj                      20     0         0      
    +--+------------------------------+------+---------+---------+
       Total:                         4858   620       18     
                                                              
    /home/sadhan/ti/ccs1210/ccs/tools/compiler/ti-cgt-arm_20.2.7.LTS/lib/rtsv7M4_T_le_v4SPD16_eabi.lib
       memcpy_t2.asm.obj              156    0         0      
       copy_decompress_lzss.c.obj     104    0         0      
       autoinit.c.obj                 68     0         0      
       boot_cortex_m.c.obj            52     0         0      
       copy_decompress_none.c.obj     14     0         0      
       exit.c.obj                     4      0         0      
       pre_init.c.obj                 4      0         0      
    +--+------------------------------+------+---------+---------+
       Total:                         402    0         0      
                                                              
       Stack:                         0      0         512    
       Linker Generated:              0      40        0      
    +--+------------------------------+------+---------+---------+
       Grand Total:                   5260   660       530    


LINKER GENERATED COPY TABLES

__TI_cinit_table @ 00001738 records: 1, size/record: 8, table size: 8
	.data: load addr=00001718, load size=00000018 bytes, run addr=20000200, run size=00000012 bytes, compression=lzss


LINKER GENERATED HANDLER TABLE

__TI_handler_table @ 00001730 records: 2, size/record: 4, table size: 8
	index: 0, handler: __TI_decompress_lzss
	index: 1, handler: __TI_decompress_none


GLOBAL SYMBOLS: SORTED ALPHABETICALLY BY Name 

address   name                          
-------   ----                          
00001263  C$$EXIT                       
000016d1  ResetISR                      
20000200  __STACK_END                   
00000200  __STACK_SIZE                  
20000200  __STACK_TOP                   
00001738  __TI_CINIT_Base               
00001740  __TI_CINIT_Limit              
00001730  __TI_Handler_Table_Base       
00001738  __TI_Handler_Table_Limit      
0000162d  __TI_auto_init_nobinit_nopinit
000015c3  __TI_decompress_lzss          
00001705  __TI_decompress_none          
ffffffff  __TI_pprof_out_hndl           
ffffffff  __TI_prof_data_size           
ffffffff  __TI_prof_data_start          
00000000  __TI_static_base__            
00001527  __aeabi_memcpy                
00001527  __aeabi_memcpy4               
00001527  __aeabi_memcpy8               
ffffffff  __binit__                     
ffffffff  __c_args__                    
UNDEFED   __mpu_init                    
20000000  __stack                       
20000000  __start___llvm_prf_cnts       
20000000  __stop___llvm_prf_cnts        
00001671  _c_int00_noargs               
UNDEFED   _system_post_cinit            
00000c45  _system_pre_init              
00001263  abort                         
ffffffff  binit                         
00000a61  clearPinInterrupt             
00001391  configI2c0Mcp2308             
00001489  disableNvicInterrupt          
00000a39  disablePinInterrupt           
00000711  disablePinPulldown            
000006c1  disablePinPullup              
000003a1  disablePort                   
00001449  enableNvicInterrupt           
00000a11  enablePinInterrupt            
000006e9  enablePinPulldown             
00000699  enablePinPullup               
00000271  enablePort                    
00000000  g_pfnVectors                  
00000ad9  getPinValue                   
00000ba9  getPortValue                  
00001291  initHw                        
00000c49  initI2c0                      
000016f1  initSystemClockTo40Mhz        
00001251  isI2c0Error                   
000012f9  main                          
00001421  mcpGpioPortBIntHandler        
00001527  memcpy                        
000011e1  pollI2c0Address               
00000d31  readI2c0Data                  
00000f69  readI2c0Register              
00001011  readI2c0Registers             
00000561  selectPinAnalogInput          
00000511  selectPinDigitalInput         
00000951  selectPinInterruptBothEdges   
00000901  selectPinInterruptFallingEdge 
00000991  selectPinInterruptHighLevel   
000009d1  selectPinInterruptLowLevel    
000008b1  selectPinInterruptRisingEdge  
000004c1  selectPinOpenDrainOutput      
00000471  selectPinPushPullOutput       
000014c9  setNvicInterruptPriority      
00000739  setPinAuxFunction             
000005b1  setPinCommitControl           
00000a89  setPinValue                   
00000b01  setPortValue                  
00000ab1  togglePinValue                
000016a9  waitMicrosecond               
00001269  waitPbPress                   
00000cd9  writeI2c0Data                 
000013a1  writeI2c0RegData              
00000d91  writeI2c0Register             
00000e29  writeI2c0Registers            


GLOBAL SYMBOLS: SORTED BY Symbol Address 

address   name                          
-------   ----                          
00000000  __TI_static_base__            
00000000  g_pfnVectors                  
00000200  __STACK_SIZE                  
00000271  enablePort                    
000003a1  disablePort                   
00000471  selectPinPushPullOutput       
000004c1  selectPinOpenDrainOutput      
00000511  selectPinDigitalInput         
00000561  selectPinAnalogInput          
000005b1  setPinCommitControl           
00000699  enablePinPullup               
000006c1  disablePinPullup              
000006e9  enablePinPulldown             
00000711  disablePinPulldown            
00000739  setPinAuxFunction             
000008b1  selectPinInterruptRisingEdge  
00000901  selectPinInterruptFallingEdge 
00000951  selectPinInterruptBothEdges   
00000991  selectPinInterruptHighLevel   
000009d1  selectPinInterruptLowLevel    
00000a11  enablePinInterrupt            
00000a39  disablePinInterrupt           
00000a61  clearPinInterrupt             
00000a89  setPinValue                   
00000ab1  togglePinValue                
00000ad9  getPinValue                   
00000b01  setPortValue                  
00000ba9  getPortValue                  
00000c45  _system_pre_init              
00000c49  initI2c0                      
00000cd9  writeI2c0Data                 
00000d31  readI2c0Data                  
00000d91  writeI2c0Register             
00000e29  writeI2c0Registers            
00000f69  readI2c0Register              
00001011  readI2c0Registers             
000011e1  pollI2c0Address               
00001251  isI2c0Error                   
00001263  C$$EXIT                       
00001263  abort                         
00001269  waitPbPress                   
00001291  initHw                        
000012f9  main                          
00001391  configI2c0Mcp2308             
000013a1  writeI2c0RegData              
00001421  mcpGpioPortBIntHandler        
00001449  enableNvicInterrupt           
00001489  disableNvicInterrupt          
000014c9  setNvicInterruptPriority      
00001527  __aeabi_memcpy                
00001527  __aeabi_memcpy4               
00001527  __aeabi_memcpy8               
00001527  memcpy                        
000015c3  __TI_decompress_lzss          
0000162d  __TI_auto_init_nobinit_nopinit
00001671  _c_int00_noargs               
000016a9  waitMicrosecond               
000016d1  ResetISR                      
000016f1  initSystemClockTo40Mhz        
00001705  __TI_decompress_none          
00001730  __TI_Handler_Table_Base       
00001738  __TI_CINIT_Base               
00001738  __TI_Handler_Table_Limit      
00001740  __TI_CINIT_Limit              
20000000  __stack                       
20000000  __start___llvm_prf_cnts       
20000000  __stop___llvm_prf_cnts        
20000200  __STACK_END                   
20000200  __STACK_TOP                   
ffffffff  __TI_pprof_out_hndl           
ffffffff  __TI_prof_data_size           
ffffffff  __TI_prof_data_start          
ffffffff  __binit__                     
ffffffff  __c_args__                    
ffffffff  binit                         
UNDEFED   __mpu_init                    
UNDEFED   _system_post_cinit            

[77 symbols]
