******************************************************************************
                  TI ARM Linker Unix v20.2.7                   
******************************************************************************
>> Linked Wed Feb  8 20:24:55 2023

OUTPUT FILE NAME:   <Emb2_lab_I2C.out>
ENTRY POINT SYMBOL: "_c_int00_noargs"  address: 000011d1


MEMORY CONFIGURATION

         name            origin    length      used     unused   attr    fill
----------------------  --------  ---------  --------  --------  ----  --------
  FLASH                 00000000   00040000  00001282  0003ed7e  R  X
  SRAM                  20000000   00008000  00000212  00007dee  RW X


SEGMENT ALLOCATION MAP

run origin  load origin   length   init length attrs members
----------  ----------- ---------- ----------- ----- -------
00000000    00000000    00001288   00001288    r-x
  00000000    00000000    0000026c   0000026c    r-- .intvecs
  0000026c    0000026c    00000fee   00000fee    r-x .text
  00001260    00001260    00000028   00000028    r-- .cinit
20000000    20000000    00000212   00000000    rw-
  20000000    20000000    00000200   00000000    rw- .stack
  20000200    20000200    00000012   00000000    rw- .data


SECTION ALLOCATION MAP

 output                                  attributes/
section   page    origin      length       input sections
--------  ----  ----------  ----------   ----------------
.intvecs   0    00000000    0000026c     
                  00000000    0000026c     tm4c123gh6pm_startup_ccs.obj (.intvecs)

.text      0    0000026c    00000fee     
                  0000026c    0000080c     gpio.obj (.text)
                  00000a78    000003c4     i2c0.obj (.text)
                  00000e3c    00000178     stop_go_gpio_I2C.obj (.text)
                  00000fb4    000000d4     nvic.obj (.text)
                  00001088    0000009c     rtsv7M4_T_le_v4SPD16_eabi.lib : memcpy_t2.asm.obj (.text)
                  00001124    00000068                                   : copy_decompress_lzss.c.obj (.text:decompress:lzss:__TI_decompress_lzss)
                  0000118c    00000044                                   : autoinit.c.obj (.text:__TI_auto_init_nobinit_nopinit:__TI_auto_init_nobinit_nopinit)
                  000011d0    00000034                                   : boot_cortex_m.c.obj (.text:_c_int00_noargs:_c_int00_noargs)
                  00001204    00000024     wait.obj (.text)
                  00001228    00000010     clock.obj (.text)
                  00001238    0000000e     rtsv7M4_T_le_v4SPD16_eabi.lib : copy_decompress_none.c.obj (.text:decompress:none:__TI_decompress_none)
                  00001246    0000000c     tm4c123gh6pm_startup_ccs.obj (.text)
                  00001252    00000004     rtsv7M4_T_le_v4SPD16_eabi.lib : pre_init.c.obj (.text:_system_pre_init)
                  00001256    00000004                                   : exit.c.obj (.text:abort:abort)

.cinit     0    00001260    00000028     
                  00001260    00000018     (.cinit..data.load) [load image, compression = lzss]
                  00001278    00000008     (__TI_handler_table)
                  00001280    00000008     (__TI_cinit_table)

.init_array 
*          0    00000000    00000000     UNINITIALIZED

.data      0    20000200    00000012     UNINITIALIZED
                  20000200    00000012     stop_go_gpio_I2C.obj (.data:mcp2308Configuration)

.stack     0    20000000    00000200     UNINITIALIZED
                  20000000    00000004     rtsv7M4_T_le_v4SPD16_eabi.lib : boot_cortex_m.c.obj (.stack)
                  20000004    000001fc     --HOLE--

__llvm_prf_cnts 
*          0    20000000    00000000     UNINITIALIZED

MODULE SUMMARY

       Module                         code   ro data   rw data
       ------                         ----   -------   -------
    ./
       gpio.obj                       2060   0         0      
       i2c0.obj                       964    0         0      
       tm4c123gh6pm_startup_ccs.obj   12     620       0      
       stop_go_gpio_I2C.obj           376    0         18     
       nvic.obj                       212    0         0      
       wait.obj                       36     0         0      
       clock.obj                      16     0         0      
    +--+------------------------------+------+---------+---------+
       Total:                         3676   620       18     
                                                              
    /home/sadhan/ti/ccs1210/ccs/tools/compiler/ti-cgt-arm_20.2.7.LTS/lib/rtsv7M4_T_le_v4SPD16_eabi.lib
       memcpy_t2.asm.obj              156    0         0      
       copy_decompress_lzss.c.obj     104    0         0      
       autoinit.c.obj                 68     0         0      
       boot_cortex_m.c.obj            52     0         0      
       copy_decompress_none.c.obj     14     0         0      
       exit.c.obj                     4      0         0      
       pre_init.c.obj                 4      0         0      
    +--+------------------------------+------+---------+---------+
       Total:                         402    0         0      
                                                              
       Stack:                         0      0         512    
       Linker Generated:              0      40        0      
    +--+------------------------------+------+---------+---------+
       Grand Total:                   4078   660       530    


LINKER GENERATED COPY TABLES

__TI_cinit_table @ 00001280 records: 1, size/record: 8, table size: 8
	.data: load addr=00001260, load size=00000018 bytes, run addr=20000200, run size=00000012 bytes, compression=lzss


LINKER GENERATED HANDLER TABLE

__TI_handler_table @ 00001278 records: 2, size/record: 4, table size: 8
	index: 0, handler: __TI_decompress_lzss
	index: 1, handler: __TI_decompress_none


GLOBAL SYMBOLS: SORTED ALPHABETICALLY BY Name 

address   name                          
-------   ----                          
00001257  C$$EXIT                       
00001247  ResetISR                      
20000200  __STACK_END                   
00000200  __STACK_SIZE                  
20000200  __STACK_TOP                   
00001280  __TI_CINIT_Base               
00001288  __TI_CINIT_Limit              
00001278  __TI_Handler_Table_Base       
00001280  __TI_Handler_Table_Limit      
0000118d  __TI_auto_init_nobinit_nopinit
00001125  __TI_decompress_lzss          
00001239  __TI_decompress_none          
ffffffff  __TI_pprof_out_hndl           
ffffffff  __TI_prof_data_size           
ffffffff  __TI_prof_data_start          
00000000  __TI_static_base__            
00001089  __aeabi_memcpy                
00001089  __aeabi_memcpy4               
00001089  __aeabi_memcpy8               
ffffffff  __binit__                     
ffffffff  __c_args__                    
UNDEFED   __mpu_init                    
20000000  __stack                       
20000000  __start___llvm_prf_cnts       
20000000  __stop___llvm_prf_cnts        
000011d1  _c_int00_noargs               
UNDEFED   _system_post_cinit            
00001253  _system_pre_init              
00001257  abort                         
ffffffff  binit                         
000008c5  clearPinInterrupt             
00000f13  configI2c0Mcp2308             
00000fed  disableNvicInterrupt          
000008a1  disablePinInterrupt           
000005d5  disablePinPulldown            
0000058d  disablePinPullup              
00000329  disablePort                   
00000fb5  enableNvicInterrupt           
0000087d  enablePinInterrupt            
000005b1  enablePinPulldown             
0000055f  enablePinPullup               
0000026d  enablePort                    
00000000  g_pfnVectors                  
00000933  getPinValue                   
000009e9  getPortValue                  
00000e5d  initHw                        
00000a79  initI2c0                      
00001229  initSystemClockTo40Mhz        
00000e11  isI2c0Error                   
00000e99  main                          
00000f79  mcpGpioPortBIntHandler        
00001089  memcpy                        
00000dc3  pollI2c0Address               
00000b09  readI2c0Data                  
00000c4d  readI2c0Register              
00000cab  readI2c0Registers             
00000493  selectPinAnalogInput          
00000445  selectPinDigitalInput         
000007b1  selectPinInterruptBothEdges   
00000761  selectPinInterruptFallingEdge 
00000809  selectPinInterruptHighLevel   
00000843  selectPinInterruptLowLevel    
00000711  selectPinInterruptRisingEdge  
000003f7  selectPinOpenDrainOutput      
000003a9  selectPinPushPullOutput       
00001025  setNvicInterruptPriority      
000005fd  setPinAuxFunction             
000004e3  setPinCommitControl           
000008e9  setPinValue                   
00000971  setPortValue                  
0000090f  togglePinValue                
00001205  waitMicrosecond               
00000e3d  waitPbPress                   
00000ad3  writeI2c0Data                 
00000f1f  writeI2c0RegData              
00000b3d  writeI2c0Register             
00000b93  writeI2c0Registers            


GLOBAL SYMBOLS: SORTED BY Symbol Address 

address   name                          
-------   ----                          
00000000  __TI_static_base__            
00000000  g_pfnVectors                  
00000200  __STACK_SIZE                  
0000026d  enablePort                    
00000329  disablePort                   
000003a9  selectPinPushPullOutput       
000003f7  selectPinOpenDrainOutput      
00000445  selectPinDigitalInput         
00000493  selectPinAnalogInput          
000004e3  setPinCommitControl           
0000055f  enablePinPullup               
0000058d  disablePinPullup              
000005b1  enablePinPulldown             
000005d5  disablePinPulldown            
000005fd  setPinAuxFunction             
00000711  selectPinInterruptRisingEdge  
00000761  selectPinInterruptFallingEdge 
000007b1  selectPinInterruptBothEdges   
00000809  selectPinInterruptHighLevel   
00000843  selectPinInterruptLowLevel    
0000087d  enablePinInterrupt            
000008a1  disablePinInterrupt           
000008c5  clearPinInterrupt             
000008e9  setPinValue                   
0000090f  togglePinValue                
00000933  getPinValue                   
00000971  setPortValue                  
000009e9  getPortValue                  
00000a79  initI2c0                      
00000ad3  writeI2c0Data                 
00000b09  readI2c0Data                  
00000b3d  writeI2c0Register             
00000b93  writeI2c0Registers            
00000c4d  readI2c0Register              
00000cab  readI2c0Registers             
00000dc3  pollI2c0Address               
00000e11  isI2c0Error                   
00000e3d  waitPbPress                   
00000e5d  initHw                        
00000e99  main                          
00000f13  configI2c0Mcp2308             
00000f1f  writeI2c0RegData              
00000f79  mcpGpioPortBIntHandler        
00000fb5  enableNvicInterrupt           
00000fed  disableNvicInterrupt          
00001025  setNvicInterruptPriority      
00001089  __aeabi_memcpy                
00001089  __aeabi_memcpy4               
00001089  __aeabi_memcpy8               
00001089  memcpy                        
00001125  __TI_decompress_lzss          
0000118d  __TI_auto_init_nobinit_nopinit
000011d1  _c_int00_noargs               
00001205  waitMicrosecond               
00001229  initSystemClockTo40Mhz        
00001239  __TI_decompress_none          
00001247  ResetISR                      
00001253  _system_pre_init              
00001257  C$$EXIT                       
00001257  abort                         
00001278  __TI_Handler_Table_Base       
00001280  __TI_CINIT_Base               
00001280  __TI_Handler_Table_Limit      
00001288  __TI_CINIT_Limit              
20000000  __stack                       
20000000  __start___llvm_prf_cnts       
20000000  __stop___llvm_prf_cnts        
20000200  __STACK_END                   
20000200  __STACK_TOP                   
ffffffff  __TI_pprof_out_hndl           
ffffffff  __TI_prof_data_size           
ffffffff  __TI_prof_data_start          
ffffffff  __binit__                     
ffffffff  __c_args__                    
ffffffff  binit                         
UNDEFED   __mpu_init                    
UNDEFED   _system_post_cinit            

[77 symbols]
