******************************************************************************
                  TI ARM Linker Unix v20.2.7                   
******************************************************************************
>> Linked Wed Feb  8 20:25:00 2023

OUTPUT FILE NAME:   <Emb2_lab_I2C.out>
ENTRY POINT SYMBOL: "_c_int00_noargs"  address: 0000134d


MEMORY CONFIGURATION

         name            origin    length      used     unused   attr    fill
----------------------  --------  ---------  --------  --------  ----  --------
  FLASH                 00000000   00040000  0000140a  0003ebf6  R  X
  SRAM                  20000000   00008000  00000212  00007dee  RW X


SEGMENT ALLOCATION MAP

run origin  load origin   length   init length attrs members
----------  ----------- ---------- ----------- ----- -------
00000000    00000000    00001410   00001410    r-x
  00000000    00000000    0000026c   0000026c    r-- .intvecs
  00000270    00000270    00001176   00001176    r-x .text
  000013e8    000013e8    00000028   00000028    r-- .cinit
20000000    20000000    00000212   00000000    rw-
  20000000    20000000    00000200   00000000    rw- .stack
  20000200    20000200    00000012   00000000    rw- .data


SECTION ALLOCATION MAP

 output                                  attributes/
section   page    origin      length       input sections
--------  ----  ----------  ----------   ----------------
.intvecs   0    00000000    0000026c     
                  00000000    0000026c     tm4c123gh6pm_startup_ccs.obj (.intvecs)

.text      0    00000270    00001176     
                  00000270    000008e4     gpio.obj (.text)
                  00000b54    00000004     rtsv7M4_T_le_v4SPD16_eabi.lib : pre_init.c.obj (.text:_system_pre_init)
                  00000b58    00000440     i2c0.obj (.text)
                  00000f98    00000194     stop_go_gpio_I2C.obj (.text)
                  0000112c    00000004     rtsv7M4_T_le_v4SPD16_eabi.lib : exit.c.obj (.text:abort:abort)
                  00001130    000000d4     nvic.obj (.text)
                  00001204    0000009c     rtsv7M4_T_le_v4SPD16_eabi.lib : memcpy_t2.asm.obj (.text)
                  000012a0    00000068                                   : copy_decompress_lzss.c.obj (.text:decompress:lzss:__TI_decompress_lzss)
                  00001308    00000044                                   : autoinit.c.obj (.text:__TI_auto_init_nobinit_nopinit:__TI_auto_init_nobinit_nopinit)
                  0000134c    00000034                                   : boot_cortex_m.c.obj (.text:_c_int00_noargs:_c_int00_noargs)
                  00001380    00000024     wait.obj (.text)
                  000013a4    00000004     --HOLE-- [fill = 0]
                  000013a8    0000001a     tm4c123gh6pm_startup_ccs.obj (.text)
                  000013c2    00000006     --HOLE-- [fill = 0]
                  000013c8    00000010     clock.obj (.text)
                  000013d8    0000000e     rtsv7M4_T_le_v4SPD16_eabi.lib : copy_decompress_none.c.obj (.text:decompress:none:__TI_decompress_none)

.cinit     0    000013e8    00000028     
                  000013e8    00000018     (.cinit..data.load) [load image, compression = lzss]
                  00001400    00000008     (__TI_handler_table)
                  00001408    00000008     (__TI_cinit_table)

.init_array 
*          0    00000000    00000000     UNINITIALIZED

.data      0    20000200    00000012     UNINITIALIZED
                  20000200    00000012     stop_go_gpio_I2C.obj (.data:mcp2308Configuration)

.stack     0    20000000    00000200     UNINITIALIZED
                  20000000    00000004     rtsv7M4_T_le_v4SPD16_eabi.lib : boot_cortex_m.c.obj (.stack)
                  20000004    000001fc     --HOLE--

__llvm_prf_cnts 
*          0    20000000    00000000     UNINITIALIZED

MODULE SUMMARY

       Module                         code   ro data   rw data
       ------                         ----   -------   -------
    ./
       gpio.obj                       2276   0         0      
       i2c0.obj                       1088   0         0      
       tm4c123gh6pm_startup_ccs.obj   26     620       0      
       stop_go_gpio_I2C.obj           404    0         18     
       nvic.obj                       212    0         0      
       wait.obj                       36     0         0      
       clock.obj                      16     0         0      
    +--+------------------------------+------+---------+---------+
       Total:                         4058   620       18     
                                                              
    /home/sadhan/ti/ccs1210/ccs/tools/compiler/ti-cgt-arm_20.2.7.LTS/lib/rtsv7M4_T_le_v4SPD16_eabi.lib
       memcpy_t2.asm.obj              156    0         0      
       copy_decompress_lzss.c.obj     104    0         0      
       autoinit.c.obj                 68     0         0      
       boot_cortex_m.c.obj            52     0         0      
       copy_decompress_none.c.obj     14     0         0      
       exit.c.obj                     4      0         0      
       pre_init.c.obj                 4      0         0      
    +--+------------------------------+------+---------+---------+
       Total:                         402    0         0      
                                                              
       Stack:                         0      0         512    
       Linker Generated:              0      40        0      
    +--+------------------------------+------+---------+---------+
       Grand Total:                   4460   660       530    


LINKER GENERATED COPY TABLES

__TI_cinit_table @ 00001408 records: 1, size/record: 8, table size: 8
	.data: load addr=000013e8, load size=00000018 bytes, run addr=20000200, run size=00000012 bytes, compression=lzss


LINKER GENERATED HANDLER TABLE

__TI_handler_table @ 00001400 records: 2, size/record: 4, table size: 8
	index: 0, handler: __TI_decompress_lzss
	index: 1, handler: __TI_decompress_none


GLOBAL SYMBOLS: SORTED ALPHABETICALLY BY Name 

address   name                          
-------   ----                          
0000112d  C$$EXIT                       
000013a9  ResetISR                      
20000200  __STACK_END                   
00000200  __STACK_SIZE                  
20000200  __STACK_TOP                   
00001408  __TI_CINIT_Base               
00001410  __TI_CINIT_Limit              
00001400  __TI_Handler_Table_Base       
00001408  __TI_Handler_Table_Limit      
00001309  __TI_auto_init_nobinit_nopinit
000012a1  __TI_decompress_lzss          
000013d9  __TI_decompress_none          
ffffffff  __TI_pprof_out_hndl           
ffffffff  __TI_prof_data_size           
ffffffff  __TI_prof_data_start          
00000000  __TI_static_base__            
00001205  __aeabi_memcpy                
00001205  __aeabi_memcpy4               
00001205  __aeabi_memcpy8               
ffffffff  __binit__                     
ffffffff  __c_args__                    
UNDEFED   __mpu_init                    
20000000  __stack                       
20000000  __start___llvm_prf_cnts       
20000000  __stop___llvm_prf_cnts        
0000134d  _c_int00_noargs               
UNDEFED   _system_post_cinit            
00000b55  _system_pre_init              
0000112d  abort                         
ffffffff  binit                         
00000949  clearPinInterrupt             
00001081  configI2c0Mcp2308             
00001169  disableNvicInterrupt          
00000921  disablePinInterrupt           
00000611  disablePinPulldown            
000005c1  disablePinPullup              
00000339  disablePort                   
00001131  enableNvicInterrupt           
000008f9  enablePinInterrupt            
000005e9  enablePinPulldown             
00000599  enablePinPullup               
00000271  enablePort                    
00000000  g_pfnVectors                  
000009d1  getPinValue                   
00000aa1  getPortValue                  
00000fc1  initHw                        
00000b59  initI2c0                      
000013c9  initSystemClockTo40Mhz        
00000f81  isI2c0Error                   
00001001  main                          
000010f1  mcpGpioPortBIntHandler        
00001205  memcpy                        
00000f29  pollI2c0Address               
00000bf9  readI2c0Data                  
00000d69  readI2c0Register              
00000de1  readI2c0Registers             
000004c1  selectPinAnalogInput          
00000471  selectPinDigitalInput         
00000839  selectPinInterruptBothEdges   
000007d1  selectPinInterruptFallingEdge 
00000879  selectPinInterruptHighLevel   
000008b9  selectPinInterruptLowLevel    
00000779  selectPinInterruptRisingEdge  
00000421  selectPinOpenDrainOutput      
000003d1  selectPinPushPullOutput       
000011a1  setNvicInterruptPriority      
00000639  setPinAuxFunction             
00000519  setPinCommitControl           
00000971  setPinValue                   
00000a01  setPortValue                  
000009a1  togglePinValue                
00001381  waitMicrosecond               
00000f99  waitPbPress                   
00000bb9  writeI2c0Data                 
00001091  writeI2c0RegData              
00000c39  writeI2c0Register             
00000c99  writeI2c0Registers            


GLOBAL SYMBOLS: SORTED BY Symbol Address 

address   name                          
-------   ----                          
00000000  __TI_static_base__            
00000000  g_pfnVectors                  
00000200  __STACK_SIZE                  
00000271  enablePort                    
00000339  disablePort                   
000003d1  selectPinPushPullOutput       
00000421  selectPinOpenDrainOutput      
00000471  selectPinDigitalInput         
000004c1  selectPinAnalogInput          
00000519  setPinCommitControl           
00000599  enablePinPullup               
000005c1  disablePinPullup              
000005e9  enablePinPulldown             
00000611  disablePinPulldown            
00000639  setPinAuxFunction             
00000779  selectPinInterruptRisingEdge  
000007d1  selectPinInterruptFallingEdge 
00000839  selectPinInterruptBothEdges   
00000879  selectPinInterruptHighLevel   
000008b9  selectPinInterruptLowLevel    
000008f9  enablePinInterrupt            
00000921  disablePinInterrupt           
00000949  clearPinInterrupt             
00000971  setPinValue                   
000009a1  togglePinValue                
000009d1  getPinValue                   
00000a01  setPortValue                  
00000aa1  getPortValue                  
00000b55  _system_pre_init              
00000b59  initI2c0                      
00000bb9  writeI2c0Data                 
00000bf9  readI2c0Data                  
00000c39  writeI2c0Register             
00000c99  writeI2c0Registers            
00000d69  readI2c0Register              
00000de1  readI2c0Registers             
00000f29  pollI2c0Address               
00000f81  isI2c0Error                   
00000f99  waitPbPress                   
00000fc1  initHw                        
00001001  main                          
00001081  configI2c0Mcp2308             
00001091  writeI2c0RegData              
000010f1  mcpGpioPortBIntHandler        
0000112d  C$$EXIT                       
0000112d  abort                         
00001131  enableNvicInterrupt           
00001169  disableNvicInterrupt          
000011a1  setNvicInterruptPriority      
00001205  __aeabi_memcpy                
00001205  __aeabi_memcpy4               
00001205  __aeabi_memcpy8               
00001205  memcpy                        
000012a1  __TI_decompress_lzss          
00001309  __TI_auto_init_nobinit_nopinit
0000134d  _c_int00_noargs               
00001381  waitMicrosecond               
000013a9  ResetISR                      
000013c9  initSystemClockTo40Mhz        
000013d9  __TI_decompress_none          
00001400  __TI_Handler_Table_Base       
00001408  __TI_CINIT_Base               
00001408  __TI_Handler_Table_Limit      
00001410  __TI_CINIT_Limit              
20000000  __stack                       
20000000  __start___llvm_prf_cnts       
20000000  __stop___llvm_prf_cnts        
20000200  __STACK_END                   
20000200  __STACK_TOP                   
ffffffff  __TI_pprof_out_hndl           
ffffffff  __TI_prof_data_size           
ffffffff  __TI_prof_data_start          
ffffffff  __binit__                     
ffffffff  __c_args__                    
ffffffff  binit                         
UNDEFED   __mpu_init                    
UNDEFED   _system_post_cinit            

[77 symbols]
